<?xml version="1.0" encoding="utf-8"?><testsuites name="pytest tests"><testsuite name="pytest" errors="0" failures="0" skipped="14" tests="95" time="28.997" timestamp="2025-07-02T08:57:08.721421-07:00" hostname="mac.lan"><testcase classname="test_data_loading" name="test_image_loading" time="0.001" /><testcase classname="test_data_loading" name="test_video_loading" time="0.000" /><testcase classname="test_data_loading" name="test_audio_loading" time="0.000" /><testcase classname="test_edge_cases" name="test_empty_image_directory" time="0.002" /><testcase classname="test_edge_cases" name="test_one_class_image_directory" time="0.001" /><testcase classname="test_edge_cases" name="test_visualizer_empty_metrics" time="0.409" /><testcase classname="test_edge_cases" name="test_metrics_all_correct" time="0.007" /><testcase classname="test_edge_cases" name="test_metrics_all_wrong" time="0.001" /><testcase classname="test_edge_cases" name="test_metrics_random" time="0.001" /><testcase classname="test_evaluation" name="test_comprehensive_metrics" time="0.012" /><testcase classname="test_evaluation" name="test_visualization" time="1.081" /><testcase classname="test_evaluation" name="test_model_comparison" time="0.973" /><testcase classname="test_main_training.TestMainTraining" name="test_validate_arguments_valid" time="0.002" /><testcase classname="test_main_training.TestMainTraining" name="test_validate_arguments_invalid_data_dir" time="0.000" /><testcase classname="test_main_training.TestMainTraining" name="test_validate_arguments_invalid_epochs" time="0.000" /><testcase classname="test_main_training.TestMainTraining" name="test_validate_arguments_invalid_batch_size" time="0.000" /><testcase classname="test_main_training.TestMainTraining" name="test_validate_arguments_invalid_learning_rate" time="0.000" /><testcase classname="test_main_training.TestMainTraining" name="test_validate_arguments_invalid_frames_per_video" time="0.000" /><testcase classname="test_main_training.TestMainTraining" name="test_train_models_all" time="0.001" /><testcase classname="test_main_training.TestMainTraining" name="test_train_models_image_only" time="0.001" /><testcase classname="test_main_training.TestMainTraining" name="test_train_models_video_only" time="0.001" /><testcase classname="test_main_training.TestMainTraining" name="test_train_models_audio_only" time="0.000" /><testcase classname="test_main_training.TestMainTraining" name="test_train_models_with_fine_tuning" time="0.001" /><testcase classname="test_main_training.TestMainTraining" name="test_train_models_without_fine_tuning" time="0.000" /><testcase classname="test_models.TestImageDeepfakeDetector" name="test_init" time="0.000" /><testcase classname="test_models.TestImageDeepfakeDetector" name="test_build_model_efficientnet" time="0.000" /><testcase classname="test_models.TestImageDeepfakeDetector" name="test_build_model_resnet" time="0.000" /><testcase classname="test_models.TestImageDeepfakeDetector" name="test_build_model_invalid_base" time="0.001" /><testcase classname="test_models.TestImageDeepfakeDetector" name="test_fine_tune" time="0.058" /><testcase classname="test_models.TestImageDeepfakeDetector" name="test_fine_tune_without_build" time="0.001" /><testcase classname="test_models.TestVideoDeepfakeDetector" name="test_init" time="0.000" /><testcase classname="test_models.TestVideoDeepfakeDetector" name="test_build_model" time="0.660" /><testcase classname="test_models.TestAudioDeepfakeDetector" name="test_init" time="0.000" /><testcase classname="test_models.TestAudioDeepfakeDetector" name="test_build_model" time="0.174" /><testcase classname="test_models.TestEnsembleDeepfakeDetector" name="test_init" time="0.000" /><testcase classname="test_models.TestEnsembleDeepfakeDetector" name="test_build_ensemble" time="0.000"><skipped type="pytest.skip" message="Keras Average layer expects real tensors; integration test not suitable for full mocking.">/Users/ajayp/work/gcu/gcu-src-deepfake-project/dfd/test_models.py:225: Keras Average layer expects real tensors; integration test not suitable for full mocking.</skipped></testcase><testcase classname="test_models.TestEnsembleDeepfakeDetector" name="test_predict_with_all_models" time="0.007" /><testcase classname="test_models.TestEnsembleDeepfakeDetector" name="test_predict_with_partial_models" time="0.001" /><testcase classname="test_models.TestUtilityFunctions" name="test_create_callbacks" time="0.000" /><testcase classname="test_models.TestUtilityFunctions" name="test_create_callbacks_with_patience" time="0.000" /><testcase classname="test_models.TestUtilityFunctions" name="test_evaluate_model" time="0.011" /><testcase classname="test_models.TestModelIntegration" name="test_model_serialization" time="0.000"><skipped type="pytest.skip" message="Integration test: Keras model serialization not suitable for full mocking.">/Users/ajayp/work/gcu/gcu-src-deepfake-project/dfd/test_models.py:353: Integration test: Keras model serialization not suitable for full mocking.</skipped></testcase><testcase classname="test_models.TestModelIntegration" name="test_model_prediction_shape" time="0.001" /><testcase classname="test_training.TestModelTrainer" name="test_init" time="0.002" /><testcase classname="test_training.TestModelTrainer" name="test_init_with_max_samples" time="0.001" /><testcase classname="test_training.TestModelTrainer" name="test_create_data_augmentation" time="0.000"><skipped type="pytest.skip" message="Keras ImageDataGenerator integration not suitable for full mocking.">/Users/ajayp/work/gcu/gcu-src-deepfake-project/dfd/test_training.py:50: Keras ImageDataGenerator integration not suitable for full mocking.</skipped></testcase><testcase classname="test_training.TestModelTrainer" name="test_save_training_history" time="0.001" /><testcase classname="test_training.TestModelTrainer" name="test_train_image_model_success" time="0.690" /><testcase classname="test_training.TestModelTrainer" name="test_train_image_model_no_data" time="0.001" /><testcase classname="test_training.TestModelTrainer" name="test_train_video_model_success" time="0.000"><skipped type="pytest.skip" message="Video data loader and Keras integration not suitable for full mocking.">/Users/ajayp/work/gcu/gcu-src-deepfake-project/dfd/test_training.py:140: Video data loader and Keras integration not suitable for full mocking.</skipped></testcase><testcase classname="test_training.TestModelTrainer" name="test_train_audio_model_success" time="0.604" /><testcase classname="test_training.TestModelTrainer" name="test_evaluate_models" time="0.000"><skipped type="pytest.skip" message="Comprehensive evaluation requires full data and visualizer integration.">/Users/ajayp/work/gcu/gcu-src-deepfake-project/dfd/test_training.py:219: Comprehensive evaluation requires full data and visualizer integration.</skipped></testcase><testcase classname="test_training.TestModelTrainer" name="test_print_training_summary" time="0.000"><skipped type="pytest.skip" message="Print training summary requires full evaluation integration.">/Users/ajayp/work/gcu/gcu-src-deepfake-project/dfd/test_training.py:239: Print training summary requires full evaluation integration.</skipped></testcase><testcase classname="test_training.TestModelEvaluator" name="test_init" time="0.001" /><testcase classname="test_training.TestModelEvaluator" name="test_calculate_comprehensive_metrics" time="0.010" /><testcase classname="test_training.TestModelEvaluator" name="test_calculate_comprehensive_metrics_edge_cases" time="0.017" /><testcase classname="test_training.TestModelEvaluator" name="test_evaluate_model_comprehensive" time="0.019" /><testcase classname="test_training.TestModelEvaluator" name="test_save_detailed_evaluation_results" time="0.001" /><testcase classname="test_training.TestModelEvaluator" name="test_create_comprehensive_evaluation_report" time="0.001" /><testcase classname="test_training.TestModelEvaluator" name="test_print_evaluation_summary" time="0.001" /><testcase classname="test_training.TestModelVisualizer" name="test_init" time="0.001" /><testcase classname="test_training.TestModelVisualizer" name="test_plot_training_history" time="0.008" /><testcase classname="test_training.TestModelVisualizer" name="test_plot_confusion_matrix" time="0.019" /><testcase classname="test_training.TestModelVisualizer" name="test_plot_roc_curve" time="0.000"><skipped type="pytest.skip" message="Keras/sklearn integration not suitable for full mocking.">/Users/ajayp/work/gcu/gcu-src-deepfake-project/dfd/test_training.py:503: Keras/sklearn integration not suitable for full mocking.</skipped></testcase><testcase classname="test_training.TestModelVisualizer" name="test_plot_precision_recall_curve" time="0.000"><skipped type="pytest.skip" message="Keras/sklearn integration not suitable for full mocking.">/Users/ajayp/work/gcu/gcu-src-deepfake-project/dfd/test_training.py:533: Keras/sklearn integration not suitable for full mocking.</skipped></testcase><testcase classname="test_training.TestModelVisualizer" name="test_plot_enhanced_model_comparison" time="0.571" /><testcase classname="test_training.TestModelVisualizer" name="test_create_performance_summary_report" time="0.277" /><testcase classname="test_training.TestModelVisualizer" name="test_plot_data_distribution" time="0.171" /><testcase classname="test_training.TestModelVisualizer" name="test_create_training_summary_report" time="0.375" /><testcase classname="test_training_module.TestModelTrainer" name="test_init" time="0.001" /><testcase classname="test_training_module.TestModelTrainer" name="test_init_with_max_samples" time="0.001" /><testcase classname="test_training_module.TestModelTrainer" name="test_create_data_augmentation" time="0.000"><skipped type="pytest.skip" message="Keras ImageDataGenerator integration not suitable for full mocking.">/Users/ajayp/work/gcu/gcu-src-deepfake-project/dfd/test_training_module.py:50: Keras ImageDataGenerator integration not suitable for full mocking.</skipped></testcase><testcase classname="test_training_module.TestModelTrainer" name="test_save_training_history" time="0.001" /><testcase classname="test_training_module.TestModelTrainer" name="test_train_image_model_success" time="0.695" /><testcase classname="test_training_module.TestModelTrainer" name="test_train_image_model_no_data" time="0.001" /><testcase classname="test_training_module.TestModelTrainer" name="test_train_video_model_success" time="0.000"><skipped type="pytest.skip" message="Video data loader and Keras integration not suitable for full mocking.">/Users/ajayp/work/gcu/gcu-src-deepfake-project/dfd/test_training_module.py:140: Video data loader and Keras integration not suitable for full mocking.</skipped></testcase><testcase classname="test_training_module.TestModelTrainer" name="test_train_audio_model_success" time="0.601" /><testcase classname="test_training_module.TestModelTrainer" name="test_evaluate_models" time="0.000"><skipped type="pytest.skip" message="Comprehensive evaluation requires full data and visualizer integration.">/Users/ajayp/work/gcu/gcu-src-deepfake-project/dfd/test_training_module.py:219: Comprehensive evaluation requires full data and visualizer integration.</skipped></testcase><testcase classname="test_training_module.TestModelTrainer" name="test_print_training_summary" time="0.000"><skipped type="pytest.skip" message="Print training summary requires full evaluation integration.">/Users/ajayp/work/gcu/gcu-src-deepfake-project/dfd/test_training_module.py:253: Print training summary requires full evaluation integration.</skipped></testcase><testcase classname="test_training_module.TestModelEvaluator" name="test_init" time="0.001" /><testcase classname="test_training_module.TestModelEvaluator" name="test_calculate_comprehensive_metrics" time="0.010" /><testcase classname="test_training_module.TestModelEvaluator" name="test_calculate_comprehensive_metrics_edge_cases" time="0.017" /><testcase classname="test_training_module.TestModelEvaluator" name="test_evaluate_model_comprehensive" time="0.018" /><testcase classname="test_training_module.TestModelEvaluator" name="test_save_detailed_evaluation_results" time="0.001" /><testcase classname="test_training_module.TestModelEvaluator" name="test_create_comprehensive_evaluation_report" time="0.001" /><testcase classname="test_training_module.TestModelEvaluator" name="test_print_evaluation_summary" time="0.001" /><testcase classname="test_training_module.TestModelVisualizer" name="test_init" time="0.001" /><testcase classname="test_training_module.TestModelVisualizer" name="test_plot_training_history" time="0.009" /><testcase classname="test_training_module.TestModelVisualizer" name="test_plot_confusion_matrix" time="0.009" /><testcase classname="test_training_module.TestModelVisualizer" name="test_plot_roc_curve" time="0.000"><skipped type="pytest.skip" message="Keras/sklearn integration not suitable for full mocking.">/Users/ajayp/work/gcu/gcu-src-deepfake-project/dfd/test_training_module.py:527: Keras/sklearn integration not suitable for full mocking.</skipped></testcase><testcase classname="test_training_module.TestModelVisualizer" name="test_plot_precision_recall_curve" time="0.000"><skipped type="pytest.skip" message="Keras/sklearn integration not suitable for full mocking.">/Users/ajayp/work/gcu/gcu-src-deepfake-project/dfd/test_training_module.py:557: Keras/sklearn integration not suitable for full mocking.</skipped></testcase><testcase classname="test_training_module.TestModelVisualizer" name="test_plot_enhanced_model_comparison" time="0.592" /><testcase classname="test_training_module.TestModelVisualizer" name="test_create_performance_summary_report" time="0.278" /><testcase classname="test_training_module.TestModelVisualizer" name="test_plot_data_distribution" time="0.171" /><testcase classname="test_training_module.TestModelVisualizer" name="test_create_training_summary_report" time="0.374" /></testsuite></testsuites>